[www.vaxtrivent.com/index.html]
[backblue.gif]
[fade.gif]
[index.html]
[images.squarespace-cdn.com/content/v1/578b7f2eff7c50a070650cb6/1586234285863-5SIQRKQAD4M3RW3RX6LU/faviconfc89.png]
[images.squarespace-cdn.com/content/578b7f2eff7c50a070650cb6/1586234274157-84N1RRZRZ1HAK5PNPK3I/Screen+Shot+2020-04-06+at+10.34.32+PM5d45.png]
[assets.squarespace.com/@sqs/polyfiller/1.6/legacy.js]
[assets.squarespace.com/@sqs/polyfiller/1.6/modern.js]
[assets.squarespace.com/universal/scripts-compressed/extract-css-runtime-a9e4bb07bb8d9c8fc4464-min.en-US.js]
[assets.squarespace.com/universal/scripts-compressed/cldr-resource-pack-c6a38111aec507149cb3d-min.en-US.js]
[assets.squarespace.com/universal/scripts-compressed/common-vendors-stable-fd2acc815706e38fcfdf0-min.en-US.js]
[assets.squarespace.com/universal/scripts-compressed/extract-css-moment-js-vendor-5082e2dab696b020ac83a-min.en-US.js]
[static1.squarespace.com/static/sitecss/578b7f2eff7c50a070650cb6/44/54d3906fe4b04c1c9981b00e/5d71780f77a52f00017afca8/4945/site.css]
[assets.squarespace.com/universal/scripts-compressed/performance-583aaa5ee6ef2ffadfe40-min.en-US.js]
[assets.squarespace.com/universal/scripts-compressed/common-vendors-1e40c2d559aaea1e42779-min.en-US.js]
[www.vaxtrivent.com/about-us.html]
[www.vaxtrivent.com/pricing-services.html]
[www.vaxtrivent.com/cheaplazyfoodie.html]
[assets.squarespace.com/universal/scripts-compressed/common-36db64cb7e7424caa7922-min.en-US.js]
[www.vaxtrivent.com/clients.html]
[www.vaxtrivent.com/blog.html]
[www.vaxtrivent.com/contact-us-1.html]
[images.squarespace-cdn.com/content/v1/578b7f2eff7c50a070650cb6/1586234495723-XOWBG2RZ32R9RBUD26O3/Screen+Shot+2020-04-06+at+10.34.32+PM26f7.jpg]
[images.squarespace-cdn.com/content/v1/573cc03cc2ea51f428cb5dd6/1485544884883-T67AD9WY50LUF4VOFQR8/image-asset.jpg]
[www.vaxtrivent.com/search.html]
[www.vaxtrivent.com/company-statement.html]
[images.squarespace-cdn.com/content/v1/573cc03cc2ea51f428cb5dd6/1470092977225-50P98KC41C7C07JVYJV3/image-asset.jpg]
[images.squarespace-cdn.com/content/v1/573cc03cc2ea51f428cb5dd6/1494428317951-R5DJD7STX2TGR03B66PV/20130731_Trade+100_0202.jpg]
[www.vaxtrivent.com/terms-conditions.html]
[www.vaxtrivent.com/index.html]
[static1.squarespace.com/static/ta/54d39057e4b01a0da310c80f/4945/scripts/site-bundle.js]
[images.squarespace-cdn.com/index.html]
[fonts.googleapis.com/css2900d.css]
[assets.squarespace.com/universal/scripts-compressed/extract-css-runtime-63b0e27d9bfcb49b0f05f-min.en-US.js]
[assets.squarespace.com/universal/scripts-compressed/performance-2b31864e00dd18f9fadd4-min.en-US.js]
[www.vaxtrivent.com/pricing-services-ready.22.delayed]
[www.vaxtrivent.com/schedule-appointment-ready.23.delayed]
[www.vaxtrivent.com/about-us.html]
[www.vaxtrivent.com/pricing-services.html]
[www.vaxtrivent.com/cheaplazyfoodie.html]
[images.squarespace-cdn.com/content/v1/573cc03cc2ea51f428cb5dd6/1470677942234-06KBGVGXR0V2QUD4H2CU/image-asset.jpg]
[assets.squarespace.com/universal/scripts-compressed/common-eafaea618b76bf9d37e6b-min.en-US.js]
[www.vaxtrivent.com/bloga409]
[www.vaxtrivent.com/blog/2020/5/1/blog-stories.html]
[www.vaxtrivent.com/blog002a.html]
[www.vaxtrivent.com/blog/2020/4/15/how-to-set-up-airpods-pro.html]
[www.vaxtrivent.com/blog281e.html]
[www.vaxtrivent.com/blog/category/How+to+Geek.html]
[www.vaxtrivent.com/blog/2020/4/12/covid19-a-call-to-innovate.html]
[www.vaxtrivent.com/blog.html]
[www.vaxtrivent.com/blog/category/Innovation.html]
[images.squarespace-cdn.com/content/v1/578b7f2eff7c50a070650cb6/1567724503248-Z3KOYNR3LHL5HW3A25CH/Airtel-offers-10-GB-Free.jpg]
[images.squarespace-cdn.com/content/v1/578b7f2eff7c50a070650cb6/1567724398007-NX63U3H8GZ9ESVYW6JSH/9-Mobile-Etisalat-Logo.png]
[www.vaxtrivent.com/clients.html]
[www.vaxtrivent.com/contact-us-1.html]
[www.vaxtrivent.com/search.html]
[www.vaxtrivent.com/company-statement.html]
[www.vaxtrivent.com/terms-conditions.html]
[www.vaxtrivent.com/pricing-services-ready.html]
[www.vaxtrivent.com/schedule-appointment-ready.html]
[www.vaxtrivent.com/news-notes-ready.30.delayed]
[www.vaxtrivent.com/blog/2020/5/1/blog-stories.html]
[www.vaxtrivent.com/blog002a.html]
[images.squarespace-cdn.com/content/578b7f2eff7c50a070650cb6/1586922365066-GAV7HP2Z10WD5YLLY2OC/Screen+Shot+2020-04-14+at+9.45.25+PM5d45.png]
[assets.squarespace.com/universal/scripts-compressed/extract-css-runtime-107d320d3fb433224e968-min.en-US.js]
[www.vaxtrivent.com/blog/2020/4/15/how-to-set-up-airpods-pro.html]
[www.vaxtrivent.com/blog281e.html]
[www.vaxtrivent.com/blog/category/How+to+Geek.html]
[www.vaxtrivent.com/blog/2020/4/12/covid19-a-call-to-innovate.html]
[www.vaxtrivent.com/blog/category/Innovation.html]
[www.vaxtrivent.com/news-notes-ready.html]
[static1.squarespace.com/static/578b7f2eff7c50a070650cb6/5e92aee9088a700728f264bd/5e92af4a14b45c6b9b82ef60/1586673373287/index26f7.html]
[assets.squarespace.com/universal/scripts-compressed/common-76a81ecf842f8e8e51798-min.en-US.js]
[use.typekit.net/ik/Vhdf27wLRaDYYsENeAJlDlwJEZngSybRDn-BRfygyIXfezqgfFHN4UJLFRbh52jhWD9a5eJaZR48ZcjajD93jQMaw2juweFKFy79MPG0jAlTdcNCjPuCjWF8-AoqZPoDSWmyScmDSeBRZPoRdhXCjAlTdcNCjPuCjWF8-AoqZPoDSWmyScmDSeBRZPo]
[assets.squarespace.com/universal/scripts-compressed/extract-css-runtime-a9e4bb07bb8d9c8fc4464-min.en-US.js]
[assets.squarespace.com/universal/scripts-compressed/cldr-resource-pack-c6a38111aec507149cb3d-min.en-US.js]
[assets.squarespace.com/@sqs/polyfiller/1.6/modern.js]
[assets.squarespace.com/universal/scripts-compressed/extract-css-moment-js-vendor-5082e2dab696b020ac83a-min.en-US.js]
[assets.squarespace.com/universal/scripts-compressed/common-vendors-stable-fd2acc815706e38fcfdf0-min.en-US.js]
[assets.squarespace.com/universal/scripts-compressed/performance-583aaa5ee6ef2ffadfe40-min.en-US.js]
[images.squarespace-cdn.com/content/v1/578b7f2eff7c50a070650cb6/1586234495723-XOWBG2RZ32R9RBUD26O3/Screen+Shot+2020-04-06+at+10.34.32+PM26f7.jpg]
[assets.squarespace.com/universal/scripts-compressed/common-vendors-1e40c2d559aaea1e42779-min.en-US.js]
[images.squarespace-cdn.com/content/v1/573cc03cc2ea51f428cb5dd6/1485544884883-T67AD9WY50LUF4VOFQR8/image-asset.jpg]
[images.squarespace-cdn.com/content/v1/573cc03cc2ea51f428cb5dd6/1470092977225-50P98KC41C7C07JVYJV3/image-asset.jpg]
[images.squarespace-cdn.com/content/v1/573cc03cc2ea51f428cb5dd6/1494428317951-R5DJD7STX2TGR03B66PV/20130731_Trade+100_0202.jpg]
[assets.squarespace.com/universal/scripts-compressed/common-36db64cb7e7424caa7922-min.en-US.js]
[assets.squarespace.com/universal/scripts-compressed/performance-2b31864e00dd18f9fadd4-min.en-US.js]
[images.squarespace-cdn.com/content/v1/573cc03cc2ea51f428cb5dd6/1470677942234-06KBGVGXR0V2QUD4H2CU/image-asset.jpg]
[www.vaxtrivent.com/bloga409]
[assets.squarespace.com/universal/images-v6/damask/error-dark.png]
[images.squarespace-cdn.com/content/v1/578b7f2eff7c50a070650cb6/1567724398007-NX63U3H8GZ9ESVYW6JSH/9-Mobile-Etisalat-Logo.png]
[assets.squarespace.com/universal/images-v6/damask/error-dark@2x.png]
[images.squarespace-cdn.com/content/578b7f2eff7c50a070650cb6/1586922365066-GAV7HP2Z10WD5YLLY2OC/Screen+Shot+2020-04-14+at+9.45.25+PM5d45.png]
[assets.squarespace.com/universal/images-v6/damask/play-button.png]
[assets.squarespace.com/universal/images-v6/damask/play-button@2x.png]
[assets.squarespace.com/universal/scripts-compressed/extract-css-runtime-107d320d3fb433224e968-min.en-US.js]
[assets.squarespace.com/universal/images-v6/damask/edit-aviary-light.png]
[assets.squarespace.com/universal/scripts-compressed/common-eafaea618b76bf9d37e6b-min.en-US.js]
[assets.squarespace.com/universal/images-v6/damask/edit-aviary-light@2x.png]
[assets.squarespace.com/universal/images-v6/damask/error-dark.png]
[assets.squarespace.com/universal/images-v6/damask/edit-info-light.png]
[assets.squarespace.com/universal/images-v6/damask/error-dark@2x.png]
[assets.squarespace.com/universal/images-v6/damask/edit-info-light@2x.png]
[assets.squarespace.com/universal/images-v6/damask/play-button.png]
[assets.squarespace.com/universal/images-v6/damask/trash-9-light.png]
[assets.squarespace.com/universal/images-v6/damask/play-button@2x.png]
[assets.squarespace.com/universal/images-v6/damask/trash-9-light@2x.png]
[assets.squarespace.com/universal/images-v6/damask/edit-aviary-light@2x.png]
[assets.squarespace.com/universal/images-v6/damask/trash-9-red.png]
[assets.squarespace.com/universal/images-v6/damask/edit-info-light.png]
[assets.squarespace.com/universal/images-v6/damask/trash-9-red@2x.png]
[assets.squarespace.com/universal/images-v6/damask/edit-info-light@2x.png]
[assets.squarespace.com/universal/images-v6/damask/getty-16-light.png]
[assets.squarespace.com/universal/images-v6/damask/trash-9-light.png]
[assets.squarespace.com/universal/images-v6/damask/getty-32-light.png]
[assets.squarespace.com/universal/images-v6/damask/trash-9-light@2x.png]
[assets.squarespace.com/universal/images-v6/damask/shopping-cart-16-light.png]
[assets.squarespace.com/universal/images-v6/damask/trash-9-red.png]
[assets.squarespace.com/universal/images-v6/damask/shopping-cart-32-light.png]
[assets.squarespace.com/universal/images-v6/damask/trash-9-red@2x.png]
[assets.squarespace.com/universal/images-v6/damask/getty-16-light.png]
[assets.squarespace.com/universal/images-v6/damask/getty-32-light.png]
[assets.squarespace.com/universal/images-v6/damask/shopping-cart-16-light.png]
[assets.squarespace.com/universal/images-v6/damask/shopping-cart-32-light.png]
[assets.squarespace.com/universal/scripts-compressed/common-76a81ecf842f8e8e51798-min.en-US.js]
[assets.squarespace.com/universal/images-v6/icons/block-indicator-dark.png]
[static1.squarespace.com/universal/images-v6/icons/block-indicator-dark@2x.png]
[assets.squarespace.com/universal/fonts/squarespace-ui-font.svg]
[assets.squarespace.com/universal/images-v6/icons/opentable-icons.svg]
[static1.squarespace.com/universal/images-v6/icons/opentable-icons.png]
[static1.squarespace.com/universal/images-v6/icons/icon-searchqueries-20-dark.png]
[static1.squarespace.com/universal/images-v6/icons/icon-searchqueries-20-light.png]
[assets.squarespace.com/universal/images-v6/icons/icon-video-24-light-solid.png]
[static1.squarespace.com/universal/images-v6/damask/image-inside-64-dark.png]
[static1.squarespace.com/universal/images-v6/damask/image-inside-128-dark.png]
[assets.squarespace.com/universal/images-v6/standard/icon_close_7_light.png]
[assets.squarespace.com/universal/images-v6/icons/icon-settings-16-light.png]
[assets.squarespace.com/universal/fonts/social-20141119/social-icon-font.svg]
[static1.squarespace.com/static/sitecss/578b7f2eff7c50a070650cb6/44/54d3906fe4b04c1c9981b00e/5d71780f77a52f00017afca8/4945/site.css]
[www.vaxtrivent.com/assets/ui-icons.svg]
[www.vaxtrivent.com/search.html]
[www.vaxtrivent.com/company-statement.html]
[www.vaxtrivent.com/terms-conditions.html]
[www.vaxtrivent.com/pricing-services-ready.html]
[www.vaxtrivent.com/blog/2020/5/1/blog-stories.html]
[www.vaxtrivent.com/universal/svg/social-accounts.svg]
[assets.squarespace.com/universal/fonts/squarespace-ui-font.svg]
[assets.squarespace.com/universal/images-v6/icons/opentable-icons.svg]
[assets.squarespace.com/universal/fonts/social-20141119/social-icon-font.svg]
